[36mvite v7.2.7 [32mbuilding client environment for production...[36m[39m
transforming...
[32mΓ£ô[39m 2769 modules transformed.
node.exe : 
[31mΓ£ù[39m Build 
failed in 2.50s
At line:1 char:1
+ & "C:\Program Files
\nodejs/node.exe" 
"C:\Program 
Files\nodejs/node_mo 
...
+ ~~~~~~~~~~~~~~~~~~~
~~~~~~~~~~~~~~~~~~~~~
~~~~~~~~~~~~~~~~~~~~~
~~~~~~~~
    + CategoryInfo   
           : NotSpe  
  cified: ([31mΓ£   
 ù[39m Build fai    
led in 2.50s:Str    
ing) [], RemoteE    
xception
    + FullyQualified 
   ErrorId : Native  
  CommandError
 
[31merror during 
build:
[31msrc/pages/studen
t/StudentStudy.jsx 
(6:9): 
"MindMapPreview" is 
not exported by "src/
components/MindMapVie
wer.jsx", imported 
by "src/pages/student
/StudentStudy.jsx".[
31m
file: [36mD:/Project
s/Zenith/mlr-hack/fro
ntend/src/pages/stude
nt/StudentStudy.jsx:6
:9[31m
[33m
4: import 
DashboardLayout from 
'../../components/Das
hboardLayout';
5: import 
AnimatedNumber from '
../../components/Anim
atedNumber';
6: import { 
MindMapPreview } 
from '../../component
s/MindMapViewer';
            ^
7: import { 
getExternalCourses, m
arkExternalCourseComp
lete, getSubjectsForS
tudent } from 
'../../utils/api';
8: import {
[31m
    at 
getRollupError (file:
///D:/Projects/Zenith
/mlr-hack/frontend/no
de_modules/rollup/dis
t/es/shared/parseAst.
js:401:41)
    at error (file://
/D:/Projects/Zenith/m
lr-hack/frontend/node
_modules/rollup/dist/
es/shared/parseAst.js
:397:42)
    at Module.error (
file:///D:/Projects/Z
enith/mlr-hack/fronte
nd/node_modules/rollu
p/dist/es/shared/node
-entry.js:16956:16)
    at 
Module.traceVariable 
(file:///D:/Projects/
Zenith/mlr-hack/front
end/node_modules/roll
up/dist/es/shared/nod
e-entry.js:17412:29)
    at ModuleScope.fi
ndVariable (file:///D
:/Projects/Zenith/mlr
-hack/frontend/node_m
odules/rollup/dist/es
/shared/node-entry.js
:15076:39)
    at ReturnValueSco
pe.findVariable (file
:///D:/Projects/Zenit
h/mlr-hack/frontend/n
ode_modules/rollup/di
st/es/shared/node-ent
ry.js:5649:38)
    at FunctionBodySc
ope.findVariable (fil
e:///D:/Projects/Zeni
th/mlr-hack/frontend/
node_modules/rollup/d
ist/es/shared/node-en
try.js:5649:38)
    at 
Identifier.bind (file
:///D:/Projects/Zenit
h/mlr-hack/frontend/n
ode_modules/rollup/di
st/es/shared/node-ent
ry.js:5423:40)
    at 
CallExpression.bind (
file:///D:/Projects/Z
enith/mlr-hack/fronte
nd/node_modules/rollu
p/dist/es/shared/node
-entry.js:2809:28)
    at 
CallExpression.bind (
file:///D:/Projects/Z
enith/mlr-hack/fronte
nd/node_modules/rollu
p/dist/es/shared/node
-entry.js:12123:15)[
39m
